/*===TOKENS===*/
DS_DataStructureStart    <DCL-DS>
ID                       <record_one>
FREE_SEMI                <;>
ID                       <buffer>
CHAR                     <CHAR>
'('                      <(>
NUMBER                   <25>
')'                      <)>
FREE_SEMI                <;>
DS_SubField              <DCL-SUBF>
ID                       <read>
INT                      <INT>
'('                      <(>
NUMBER                   <3>
')'                      <)>
FREE_SEMI                <;>
DS_DataStructureEnd      <END-DS>
FREE_SEMI                <;>
/*===TREE===*/
(r
  (statement
    (dcl_ds
      DCL-DS
      (identifier (free_identifier (idOrKeyword record_one)))
      ;
      (dcl_ds_field
        (identifier (free_identifier (idOrKeyword buffer)))
        (datatype (datatypeName CHAR) (args ( (expression (number 25)) )))
        ;
      )
      (dcl_ds_field
        DCL-SUBF
        (identifier (free_identifier (idOrKeyword read)))
        (datatype (datatypeName INT) (args ( (expression (number 3)) )))
        ;
      )
      (end_dcl_ds END-DS)
      ;
    )
  )
)
/*======*/