/*===TOKENS===*/
HIDDEN:LEAD_WS5_Comments <04   >
DS_DataStructureStart    <dcl-ds>
ID                       <PgmDs>
KEYWORD_PSDS             <psds>
KEYWORD_QUALIFIED        <qualified>
FREE_SEMI                <;>
HIDDEN:LEAD_WS5_Comments <05   >
KEYWORD_PGMNAME          <PgmName>
SPLAT_PROC               <*proc>
FREE_SEMI                <;>
HIDDEN:LEAD_WS5_Comments <06   >
ID                       <Status>
SPLAT_STATUS             <*status>
FREE_SEMI                <;>
HIDDEN:LEAD_WS5_Comments <07   >
DS_DataStructureEnd      <end-ds>
FREE_SEMI                <;>
/*===TREE===*/
(r
  (statement
    (dcl_ds
      dcl-ds
      (identifier (free_identifier (idOrKeyword PgmDs)))
      (keyword (keyword_psds psds))
      (keyword (keyword_qualified qualified))
      ;
      (dcl_ds_field
        (identifier (free_identifier (idOrKeyword PgmName)))
        (identifier (all (symbolicConstants *proc)))
        ;
      )
      (dcl_ds_field
        (identifier (free_identifier (idOrKeyword Status)))
        (identifier (all (symbolicConstants *status)))
        ;
      )
      (end_dcl_ds end-ds)
      ;
    )
  )
)
/*======*/